
> eventhub@0.1.0 build
> next build

Γû▓ Next.js 16.1.7 (Turbopack)
- Environments: .env.local

  Creating an optimized production build ...
Γ£ô Compiled successfully in 3.2s
  Running TypeScript ...
node.exe : Failed to 
compile.
At line:1 char:1
+ & "C:\Program 
Files\nodejs/node.exe" 
"C:\Program 
Files\nodejs/node_mo ...
+ ~~~~~~~~~~~~~~~~~~~~~~~
~~~~~~~~~~~~~~~~~~~~~~~~~
~~~~~~~~~~~~~~~~~~~~~
    + CategoryInfo       
       : NotSpecified:   
  (Failed to compile.:   
 String) [], RemoteEx    
ception
    + FullyQualifiedErro 
   rId : NativeCommandE  
  rror
 

./src/app/dashboard/admin
/Analytics.tsx:100:24
Type error: Type '(v: 
number) => [string, 
string]' is not 
assignable to type 
'Formatter<ValueType, 
NameType> & ((value: 
ValueType, name: 
NameType, item: 
TooltipPayloadEntry, 
index: number, payload: 
TooltipPayload) => 
ReactNode | [...])'.
  Type '(v: number) => 
[string, string]' is not 
assignable to type 
'Formatter<ValueType, 
NameType>'.
    Types of parameters 
'v' and 'value' are 
incompatible.
      Type 'ValueType | 
undefined' is not 
assignable to type 
'number'.
        Type 'undefined' 
is not assignable to 
type 'number'.

[0m [90m  98 |[39m    
           [33m<[39m[3
3mXAxis[39m dataKey[33m
=[39m[32m"month"[39m f
ontSize[33m=[39m{[35m1
1[39m} 
[33m/[39m[33m>[39m
 [90m  99 |[39m        
       [33m<[39m[33mYA
xis[39m fontSize[33m=[
39m{[35m11[39m} 
[33m/[39m[33m>[39m
[31m[1m>[22m[39m[90m
 100 |[39m              
 [33m<[39m[33mTooltip
[39m formatter[33m=[39m
{(v[33m:[39m number) 
[33m=>[39m [[32m`$${v}
`[39m[33m,[39m 
[32m"Revenue"[39m]} 
[33m/[39m[33m>[39m
 [90m     |[39m        
                
[31m[1m^[22m[39m
 [90m 101 |[39m        
       
[33m<[39m[33mLine[39m
 [90m 102 |[39m        
         type[33m=[39m
[32m"monotone"[39m
 [90m 103 |[39m        
         dataKey[33m=[3
9m[32m"revenue"[39m[0m
Next.js build worker 
exited with code: 1 and 
signal: null
